// Jest Snapshot v1, https://goo.gl/fbAQLP

exports[`Snapshot Test 'GroupStandings' matches snapshot 1`] = `
<DocumentFragment>
  <div
    class="card"
  >
    <div
      class="card-body"
    >
      <div
        class="card-title h5"
      >
        Group A
      </div>
      <table
        class="table table-sm table-striped"
      >
        <thead>
          <tr>
            <th>
              Team
            </th>
            <th>
              Played
            </th>
            <th>
              Won
            </th>
            <th>
              Draws
            </th>
            <th>
              Lost
            </th>
            <th>
              For
            </th>
            <th>
              Against
            </th>
            <th>
              Goal Diff
            </th>
            <th>
              Points
            </th>
          </tr>
        </thead>
        <tbody>
          <tr
            data-testid="team-QAT"
          >
            <td>
              Qatar
            </td>
            <td>
              0
            </td>
            <td>
              0
            </td>
            <td>
              0
            </td>
            <td>
              0
            </td>
            <td>
              0
            </td>
            <td>
              0
            </td>
            <td>
              0
            </td>
            <td>
              0
            </td>
          </tr>
        </tbody>
      </table>
    </div>
  </div>
</DocumentFragment>
`;
