// Jest Snapshot v1, https://goo.gl/fbAQLP

exports[`Snapshot Test 'Loading' matches snapshot 1`] = `
<DocumentFragment>
  <div
    class="Loading"
  >
    <div
      class="spinner-border"
      role="status"
    />
  </div>
</DocumentFragment>
`;
