// Jest Snapshot v1, https://goo.gl/fbAQLP

exports[`Snapshot Test 'PageNotFound' matches snapshot 1`] = `
<DocumentFragment>
  <h1>
    404 page
  </h1>
</DocumentFragment>
`;
